// Jest Snapshot v1, https://goo.gl/fbAQLP

exports[`<Badge should render corectly 1`] = `
.c0 {
  position: relative;
  display: -webkit-inline-box;
  display: -webkit-inline-flex;
  display: -ms-inline-flexbox;
  display: inline-flex;
  -webkit-flex-shrink: 0;
  -ms-flex-negative: 0;
  flex-shrink: 0;
  vertical-align: middle;
  margin: undefinedpx;
  padding: undefinedpx;
}

<div
  className="c0"
/>
`;
