// Jest Snapshot v1, https://goo.gl/fbAQLP

exports[`DropdownItem component shoud render correctly 1`] = `
.c0 {
  color: #000;
  background-color: #fff;
  width: 200px;
  height: 35px;
  padding: 0 15px;
  box-sizing: border-box;
  display: -webkit-box;
  display: -webkit-flex;
  display: -ms-flexbox;
  display: flex;
  -webkit-align-items: center;
  -webkit-box-align: center;
  -ms-flex-align: center;
  align-items: center;
  -webkit-box-pack: start;
  -webkit-justify-content: flex-start;
  -ms-flex-pack: start;
  justify-content: flex-start;
  font-size: 1em;
  font-weight: 600;
  text-transform: capitalize;
  pointer-events: auto;
}

.c0:hover {
  cursor: pointer;
  background-color: #f6f6f6;
}

<div
  className="c0"
  onClick={[Function]}
>
  item
</div>
`;
