// Jest Snapshot v1, https://goo.gl/fbAQLP

exports[`Dropdown component should render correctly 1`] = `
.c2 {
  display: inline-block;
  vertical-align: middle;
  overflow: hidden;
}

.c1 {
  width: 200px;
  background-color: #000000;
  padding: 15px;
  color: #ffffff;
  font-weight: bold;
  box-sizing: border-box;
  text-align: left;
}

.c1:hover {
  cursor: pointer;
}

.c0 {
  margin: 0px;
  position: relative;
}

<div
  className="c0"
>
  <div
    className="c1"
    color="primary"
    disabled={false}
    onClick={[Function]}
    width={200}
  >
    title
    <svg
      aria-hidden="true"
      className="c2"
      fill="currentColor"
      focusable="false"
      style={
        Object {
          "marginLeft": "10px",
          "width": "15px",
        }
      }
      viewBox="0 0 24 24"
      xmlns="http://www.w3.org/2000/svg"
    >
      <path
        d="M11.178 19.569a.998.998 0 001.644 0l9-13A.999.999 0 0021 5H3a1.002 1.002 0 00-.822 1.569l9 13z"
      />
    </svg>
  </div>
</div>
`;
